2026-05-15 11:34:34,198 INFO __main__: ORCHESTRATOR_STARTED {'config': {'data_dir': 'data', 'model_dir': 'models\\mechanics_v1', 'mode': 'autonomous', 'sources': ['featured', 'rated', 'trending', 'popular', 'most_liked', 'demons', 'easy_demons', 'medium_demons', 'hard_demons', 'insane_demons', 'extreme_demons'], 'scraper_enabled': True, 'tokenizer_enabled': True, 'trainer_enabled': True, 'evaluator_enabled': True, 'scraper_pages_per_cycle': 50, 'scraper_target_count': 0, 'scraper_restart_seconds': 5.0, 'timeout_seconds': 20.0, 'retries': 3, 'backoff_seconds': 1.0, 'search_rate': 2.0, 'download_rate': 0.33, 'comment_rate': 0.33, 'include_comments': False, 'download_audio': False, 'comments_pages': 0, 'tokenizer_poll_seconds': 2.0, 'metrics_interval_seconds': 5.0, 'evaluation_interval_seconds': 45.0, 'evaluation_interval_steps': 2000, 'max_runtime_seconds': 0.0, 'min_gameplay_objects': 20, 'min_tokens': 50, 'max_unknown_ratio': 0.995, 'max_token_length': 12000, 'train_min_records': 5, 'train_window_records': 1000, 'train_max_examples': 100000, 'context_size': 4, 'embedding_dim': 24, 'learning_rate': 0.05, 'seed': 7, 'sample_prefix': 'START DIFF_HARD ALIGN_UNKNOWN', 'sample_tokens': 120, 'min_sample_tokens': 40, 'temperature': 0.9, 'checkpoint_interval_steps': 10000, 'raw_backlog_warning': 100, 'token_starvation_threshold': 3, 'unknown_object_warning_rate': 0.05, 'min_token_entropy': 2.0, 'collapse_diversity_threshold': 0.18, 'collapse_max_repetition': 16, 'min_sample_quality_score': 80.0, 'max_sample_path_obstructions': 0, 'max_sample_control_spam': 2, 'collapse_pause_seconds': 120.0, 'plateau_patience': 3, 'policy_cooldown_seconds': 300.0, 'shutdown_timeout_seconds': 30.0}, 'allocation': {'cpu_slots': 1, 'gpu_slots': 0, 'scraper_concurrency': 8, 'tokenizer_workers': 2, 'tokenizer_records_per_cycle': 100, 'training_examples_per_cycle': 2000, 'training_interval_seconds': 30.0}}
2026-05-15 11:34:34,219 INFO __main__: SCRAPER_STARTED {'sources': ['featured', 'rated', 'trending', 'popular', 'most_liked', 'demons', 'easy_demons', 'medium_demons', 'hard_demons', 'insane_demons', 'extreme_demons'], 'concurrency': 8, 'pages_per_cycle': 50}
2026-05-15 11:34:34,220 INFO __main__: TRAINING_PAUSED {'paused_until': 1778880935.3892624}
2026-05-15 11:35:10,155 INFO __main__: UNKNOWN_OBJECTS_INCREASE {'unknown_object_rate': 0.86925, 'recommendation': 'trigger mapping review warning', 'mode': 'autonomous', 'action_applied': True}
2026-05-15 11:35:10,167 INFO __main__: EVALUATION_SAMPLE {'dataset_version': 1, 'tokenizer_version': '0.1.0', 'timestamp': 1778880874, 'step': 7006000, 'grammar_valid': True, 'grammar_errors': [], 'token_count': 122, 'unique_tokens': 32, 'diversity': 0.262295, 'max_repetition': 6, 'quality': {'score': 42.530895, 'valid': True, 'errors': [], 'object_count': 36, 'step_count': 39, 'duplicate_positions': 5, 'max_objects_per_step': 9, 'control_spam': 0, 'path_gaps': 0, 'path_jumps': 3, 'path_obstructions': 2, 'diversity': 0.262295}, 'collapsed': True}
2026-05-15 11:35:21,591 INFO __main__: TOKEN_COLLAPSE_WARNING {'recommendation': 'pause aggressive training and increase dataset diversity', 'mode': 'autonomous', 'action_applied': True}
2026-05-15 11:35:21,979 INFO gd_scraper.scraper: source featured page 290 discovered 10 levels
2026-05-15 11:35:22,259 INFO gd_scraper.scraper: source featured page 291 discovered 10 levels
2026-05-15 11:35:22,794 INFO gd_scraper.scraper: source featured page 292 discovered 10 levels
2026-05-15 11:35:23,846 INFO gd_scraper.scraper: source rated page 388 discovered 10 levels
2026-05-15 11:35:24,325 INFO gd_scraper.scraper: source rated page 389 discovered 10 levels
2026-05-15 11:35:24,834 INFO gd_scraper.scraper: source rated page 390 discovered 10 levels
2026-05-15 11:35:25,336 INFO gd_scraper.scraper: source trending already marked done
2026-05-15 11:36:02,289 INFO __main__: TRAINING_PAUSED {'paused_until': 1778881041.5945773}
2026-05-15 11:36:03,968 INFO gd_scraper.scraper: source insane_demons already marked done
2026-05-15 11:36:04,480 INFO __main__: SCRAPER_STOPPED {'stats': {'dataset_version': 1, 'scraper_version': '1.0.0', 'timestamp': 1778880964, 'already_downloaded': 7427, 'queued_from_checkpoint': 2, 'levels_discovered': 0, 'levels_saved': 0, 'levels_rejected': 0, 'levels_failed': 11, 'duplicates_skipped': 52, 'avg_response_time': 2.740403, 'requests_per_minute': 18.78049, 'levels_per_minute': 0.0, 'requests': 17, 'discovered': 0, 'saved': 0, 'rejected': 0, 'failed': 11, 'skipped': 60, 'auto_skipped': 8, 'songs_saved': 0, 'comments_saved': 0}}
2026-05-15 11:36:06,622 INFO __main__: EVALUATION_SAMPLE {'dataset_version': 1, 'tokenizer_version': '0.1.0', 'timestamp': 1778880966, 'step': 7006000, 'grammar_valid': True, 'grammar_errors': [], 'token_count': 122, 'unique_tokens': 32, 'diversity': 0.262295, 'max_repetition': 6, 'quality': {'score': 42.530895, 'valid': True, 'errors': [], 'object_count': 36, 'step_count': 39, 'duplicate_positions': 5, 'max_objects_per_step': 9, 'control_spam': 0, 'path_gaps': 0, 'path_jumps': 3, 'path_obstructions': 2, 'diversity': 0.262295}, 'collapsed': True}
2026-05-15 11:36:46,848 INFO __main__: SCRAPER_STARTED {'sources': ['featured', 'rated', 'trending', 'popular', 'most_liked', 'demons', 'easy_demons', 'medium_demons', 'hard_demons', 'insane_demons', 'extreme_demons'], 'concurrency': 8, 'pages_per_cycle': 50}
2026-05-15 11:36:46,850 INFO __main__: TRAINING_PAUSED {'paused_until': 1778881086.624771}
2026-05-15 11:36:59,946 INFO __main__: EVALUATION_SAMPLE {'dataset_version': 1, 'tokenizer_version': '0.1.0', 'timestamp': 1778881019, 'step': 7006000, 'grammar_valid': True, 'grammar_errors': [], 'token_count': 122, 'unique_tokens': 32, 'diversity': 0.262295, 'max_repetition': 6, 'quality': {'score': 42.530895, 'valid': True, 'errors': [], 'object_count': 36, 'step_count': 39, 'duplicate_positions': 5, 'max_objects_per_step': 9, 'control_spam': 0, 'path_gaps': 0, 'path_jumps': 3, 'path_obstructions': 2, 'diversity': 0.262295}, 'collapsed': True}
2026-05-15 11:37:00,617 INFO gd_scraper.scraper: source trending already marked done
2026-05-15 11:37:03,653 INFO gd_scraper.scraper: source insane_demons already marked done
2026-05-15 11:37:04,205 INFO __main__: SCRAPER_STOPPED {'stats': {'dataset_version': 1, 'scraper_version': '1.0.0', 'timestamp': 1778881024, 'already_downloaded': 7427, 'queued_from_checkpoint': 2, 'levels_discovered': 0, 'levels_saved': 0, 'levels_rejected': 0, 'levels_failed': 11, 'duplicates_skipped': 0, 'avg_response_time': 0.725665, 'requests_per_minute': 38.032368, 'levels_per_minute': 0.0, 'requests': 11, 'discovered': 0, 'saved': 0, 'rejected': 0, 'failed': 11, 'skipped': 0, 'auto_skipped': 0, 'songs_saved': 0, 'comments_saved': 0}}
2026-05-15 11:37:42,657 INFO __main__: SCRAPER_STARTED {'sources': ['featured', 'rated', 'trending', 'popular', 'most_liked', 'demons', 'easy_demons', 'medium_demons', 'hard_demons', 'insane_demons', 'extreme_demons'], 'concurrency': 8, 'pages_per_cycle': 50}
2026-05-15 11:37:42,660 INFO __main__: TRAINING_PAUSED {'paused_until': 1778881139.9503675}
2026-05-15 11:37:55,119 INFO __main__: EVALUATION_SAMPLE {'dataset_version': 1, 'tokenizer_version': '0.1.0', 'timestamp': 1778881075, 'step': 7006000, 'grammar_valid': True, 'grammar_errors': [], 'token_count': 122, 'unique_tokens': 32, 'diversity': 0.262295, 'max_repetition': 6, 'quality': {'score': 42.530895, 'valid': True, 'errors': [], 'object_count': 36, 'step_count': 39, 'duplicate_positions': 5, 'max_objects_per_step': 9, 'control_spam': 0, 'path_gaps': 0, 'path_jumps': 3, 'path_obstructions': 2, 'diversity': 0.262295}, 'collapsed': True}
2026-05-15 11:37:55,796 INFO gd_scraper.scraper: source trending already marked done
2026-05-15 11:37:58,838 INFO gd_scraper.scraper: source insane_demons already marked done
2026-05-15 11:37:59,416 INFO __main__: SCRAPER_STOPPED {'stats': {'dataset_version': 1, 'scraper_version': '1.0.0', 'timestamp': 1778881079, 'already_downloaded': 7427, 'queued_from_checkpoint': 2, 'levels_discovered': 0, 'levels_saved': 0, 'levels_rejected': 0, 'levels_failed': 11, 'duplicates_skipped': 0, 'avg_response_time': 0.726414, 'requests_per_minute': 39.393965, 'levels_per_minute': 0.0, 'requests': 11, 'discovered': 0, 'saved': 0, 'rejected': 0, 'failed': 11, 'skipped': 0, 'auto_skipped': 0, 'songs_saved': 0, 'comments_saved': 0}}
2026-05-15 11:38:39,046 INFO __main__: SCRAPER_STARTED {'sources': ['featured', 'rated', 'trending', 'popular', 'most_liked', 'demons', 'easy_demons', 'medium_demons', 'hard_demons', 'insane_demons', 'extreme_demons'], 'concurrency': 8, 'pages_per_cycle': 50}
2026-05-15 11:38:39,047 INFO __main__: TRAINING_PAUSED {'paused_until': 1778881195.124559}
2026-05-15 11:38:51,952 INFO __main__: EVALUATION_SAMPLE {'dataset_version': 1, 'tokenizer_version': '0.1.0', 'timestamp': 1778881131, 'step': 7006000, 'grammar_valid': True, 'grammar_errors': [], 'token_count': 122, 'unique_tokens': 32, 'diversity': 0.262295, 'max_repetition': 6, 'quality': {'score': 42.530895, 'valid': True, 'errors': [], 'object_count': 36, 'step_count': 39, 'duplicate_positions': 5, 'max_objects_per_step': 9, 'control_spam': 0, 'path_gaps': 0, 'path_jumps': 3, 'path_obstructions': 2, 'diversity': 0.262295}, 'collapsed': True}
2026-05-15 11:38:52,651 INFO gd_scraper.scraper: source trending already marked done
2026-05-15 11:38:55,691 INFO gd_scraper.scraper: source insane_demons already marked done
2026-05-15 11:38:56,205 INFO __main__: SCRAPER_STOPPED {'stats': {'dataset_version': 1, 'scraper_version': '1.0.0', 'timestamp': 1778881136, 'already_downloaded': 7427, 'queued_from_checkpoint': 2, 'levels_discovered': 0, 'levels_saved': 0, 'levels_rejected': 0, 'levels_failed': 11, 'duplicates_skipped': 0, 'avg_response_time': 0.72311, 'requests_per_minute': 38.472531, 'levels_per_minute': 0.0, 'requests': 11, 'discovered': 0, 'saved': 0, 'rejected': 0, 'failed': 11, 'skipped': 0, 'auto_skipped': 0, 'songs_saved': 0, 'comments_saved': 0}}
2026-05-15 11:39:35,208 INFO __main__: SCRAPER_STARTED {'sources': ['featured', 'rated', 'trending', 'popular', 'most_liked', 'demons', 'easy_demons', 'medium_demons', 'hard_demons', 'insane_demons', 'extreme_demons'], 'concurrency': 8, 'pages_per_cycle': 50}
2026-05-15 11:39:35,209 INFO __main__: TRAINING_PAUSED {'paused_until': 1778881251.956427}
2026-05-15 11:39:48,191 INFO __main__: EVALUATION_SAMPLE {'dataset_version': 1, 'tokenizer_version': '0.1.0', 'timestamp': 1778881188, 'step': 7006000, 'grammar_valid': True, 'grammar_errors': [], 'token_count': 122, 'unique_tokens': 32, 'diversity': 0.262295, 'max_repetition': 6, 'quality': {'score': 42.530895, 'valid': True, 'errors': [], 'object_count': 36, 'step_count': 39, 'duplicate_positions': 5, 'max_objects_per_step': 9, 'control_spam': 0, 'path_gaps': 0, 'path_jumps': 3, 'path_obstructions': 2, 'diversity': 0.262295}, 'collapsed': True}
2026-05-15 11:39:48,902 INFO gd_scraper.scraper: source trending already marked done
2026-05-15 11:39:51,953 INFO gd_scraper.scraper: source insane_demons already marked done
2026-05-15 11:39:52,437 INFO __main__: SCRAPER_STOPPED {'stats': {'dataset_version': 1, 'scraper_version': '1.0.0', 'timestamp': 1778881192, 'already_downloaded': 7427, 'queued_from_checkpoint': 2, 'levels_discovered': 0, 'levels_saved': 0, 'levels_rejected': 0, 'levels_failed': 11, 'duplicates_skipped': 0, 'avg_response_time': 0.718375, 'requests_per_minute': 38.312615, 'levels_per_minute': 0.0, 'requests': 11, 'discovered': 0, 'saved': 0, 'rejected': 0, 'failed': 11, 'skipped': 0, 'auto_skipped': 0, 'songs_saved': 0, 'comments_saved': 0}}
2026-05-15 11:40:31,595 INFO __main__: SCRAPER_STARTED {'sources': ['featured', 'rated', 'trending', 'popular', 'most_liked', 'demons', 'easy_demons', 'medium_demons', 'hard_demons', 'insane_demons', 'extreme_demons'], 'concurrency': 8, 'pages_per_cycle': 50}
2026-05-15 11:40:31,596 INFO __main__: TRAINING_PAUSED {'paused_until': 1778881308.195973}
2026-05-15 11:40:44,201 INFO __main__: UNKNOWN_OBJECTS_INCREASE {'unknown_object_rate': 0.86925, 'recommendation': 'trigger mapping review warning', 'mode': 'autonomous', 'action_applied': True}
2026-05-15 11:40:44,213 INFO __main__: TOKEN_COLLAPSE_WARNING {'recommendation': 'pause aggressive training and increase dataset diversity', 'mode': 'autonomous', 'action_applied': True}
2026-05-15 11:40:44,218 INFO __main__: EVALUATION_SAMPLE {'dataset_version': 1, 'tokenizer_version': '0.1.0', 'timestamp': 1778881244, 'step': 7006000, 'grammar_valid': True, 'grammar_errors': [], 'token_count': 122, 'unique_tokens': 32, 'diversity': 0.262295, 'max_repetition': 6, 'quality': {'score': 42.530895, 'valid': True, 'errors': [], 'object_count': 36, 'step_count': 39, 'duplicate_positions': 5, 'max_objects_per_step': 9, 'control_spam': 0, 'path_gaps': 0, 'path_jumps': 3, 'path_obstructions': 2, 'diversity': 0.262295}, 'collapsed': True}
2026-05-15 11:40:44,925 INFO gd_scraper.scraper: source trending already marked done
2026-05-15 11:40:47,961 INFO gd_scraper.scraper: source insane_demons already marked done
2026-05-15 11:40:48,476 INFO __main__: SCRAPER_STOPPED {'stats': {'dataset_version': 1, 'scraper_version': '1.0.0', 'timestamp': 1778881248, 'already_downloaded': 7427, 'queued_from_checkpoint': 2, 'levels_discovered': 0, 'levels_saved': 0, 'levels_rejected': 0, 'levels_failed': 11, 'duplicates_skipped': 0, 'avg_response_time': 0.724636, 'requests_per_minute': 39.108238, 'levels_per_minute': 0.0, 'requests': 11, 'discovered': 0, 'saved': 0, 'rejected': 0, 'failed': 11, 'skipped': 0, 'auto_skipped': 0, 'songs_saved': 0, 'comments_saved': 0}}
2026-05-15 11:41:29,790 INFO __main__: SCRAPER_STARTED {'sources': ['featured', 'rated', 'trending', 'popular', 'most_liked', 'demons', 'easy_demons', 'medium_demons', 'hard_demons', 'insane_demons', 'extreme_demons'], 'concurrency': 8, 'pages_per_cycle': 50}
2026-05-15 11:41:29,791 INFO __main__: TRAINING_PAUSED {'paused_until': 1778881364.2204092}
2026-05-15 11:41:42,364 INFO __main__: EVALUATION_SAMPLE {'dataset_version': 1, 'tokenizer_version': '0.1.0', 'timestamp': 1778881289, 'step': 7006000, 'grammar_valid': True, 'grammar_errors': [], 'token_count': 122, 'unique_tokens': 32, 'diversity': 0.262295, 'max_repetition': 6, 'quality': {'score': 42.530895, 'valid': True, 'errors': [], 'object_count': 36, 'step_count': 39, 'duplicate_positions': 5, 'max_objects_per_step': 9, 'control_spam': 0, 'path_gaps': 0, 'path_jumps': 3, 'path_obstructions': 2, 'diversity': 0.262295}, 'collapsed': True}
2026-05-15 11:41:43,063 INFO gd_scraper.scraper: source trending already marked done
2026-05-15 11:41:46,127 INFO gd_scraper.scraper: source insane_demons already marked done
2026-05-15 11:41:46,616 INFO __main__: SCRAPER_STOPPED {'stats': {'dataset_version': 1, 'scraper_version': '1.0.0', 'timestamp': 1778881306, 'already_downloaded': 7427, 'queued_from_checkpoint': 2, 'levels_discovered': 0, 'levels_saved': 0, 'levels_rejected': 0, 'levels_failed': 11, 'duplicates_skipped': 0, 'avg_response_time': 0.717537, 'requests_per_minute': 39.256655, 'levels_per_minute': 0.0, 'requests': 11, 'discovered': 0, 'saved': 0, 'rejected': 0, 'failed': 11, 'skipped': 0, 'auto_skipped': 0, 'songs_saved': 0, 'comments_saved': 0}}
2026-05-15 11:42:24,770 INFO __main__: SCRAPER_STARTED {'sources': ['featured', 'rated', 'trending', 'popular', 'most_liked', 'demons', 'easy_demons', 'medium_demons', 'hard_demons', 'insane_demons', 'extreme_demons'], 'concurrency': 8, 'pages_per_cycle': 50}
2026-05-15 11:42:24,771 INFO __main__: TRAINING_PAUSED {'paused_until': 1778881422.366876}
2026-05-15 11:42:37,223 INFO __main__: EVALUATION_SAMPLE {'dataset_version': 1, 'tokenizer_version': '0.1.0', 'timestamp': 1778881357, 'step': 7006000, 'grammar_valid': True, 'grammar_errors': [], 'token_count': 122, 'unique_tokens': 32, 'diversity': 0.262295, 'max_repetition': 6, 'quality': {'score': 42.530895, 'valid': True, 'errors': [], 'object_count': 36, 'step_count': 39, 'duplicate_positions': 5, 'max_objects_per_step': 9, 'control_spam': 0, 'path_gaps': 0, 'path_jumps': 3, 'path_obstructions': 2, 'diversity': 0.262295}, 'collapsed': True}
2026-05-15 11:42:37,913 INFO gd_scraper.scraper: source trending already marked done
2026-05-15 11:42:40,968 INFO gd_scraper.scraper: source insane_demons already marked done
2026-05-15 11:42:41,477 INFO __main__: SCRAPER_STOPPED {'stats': {'dataset_version': 1, 'scraper_version': '1.0.0', 'timestamp': 1778881361, 'already_downloaded': 7427, 'queued_from_checkpoint': 2, 'levels_discovered': 0, 'levels_saved': 0, 'levels_rejected': 0, 'levels_failed': 11, 'duplicates_skipped': 0, 'avg_response_time': 0.717768, 'requests_per_minute': 39.510709, 'levels_per_minute': 0.0, 'requests': 11, 'discovered': 0, 'saved': 0, 'rejected': 0, 'failed': 11, 'skipped': 0, 'auto_skipped': 0, 'songs_saved': 0, 'comments_saved': 0}}
2026-05-15 11:43:21,105 INFO __main__: SCRAPER_STARTED {'sources': ['featured', 'rated', 'trending', 'popular', 'most_liked', 'demons', 'easy_demons', 'medium_demons', 'hard_demons', 'insane_demons', 'extreme_demons'], 'concurrency': 8, 'pages_per_cycle': 50}
2026-05-15 11:43:21,107 INFO __main__: TRAINING_PAUSED {'paused_until': 1778881477.2262397}
2026-05-15 11:43:32,728 INFO __main__: EVALUATION_SAMPLE {'dataset_version': 1, 'tokenizer_version': '0.1.0', 'timestamp': 1778881412, 'step': 7006000, 'grammar_valid': True, 'grammar_errors': [], 'token_count': 122, 'unique_tokens': 32, 'diversity': 0.262295, 'max_repetition': 6, 'quality': {'score': 42.530895, 'valid': True, 'errors': [], 'object_count': 36, 'step_count': 39, 'duplicate_positions': 5, 'max_objects_per_step': 9, 'control_spam': 0, 'path_gaps': 0, 'path_jumps': 3, 'path_obstructions': 2, 'diversity': 0.262295}, 'collapsed': True}
2026-05-15 11:43:33,395 INFO gd_scraper.scraper: source trending already marked done
2026-05-15 11:43:36,473 INFO gd_scraper.scraper: source insane_demons already marked done
2026-05-15 11:43:36,966 INFO __main__: SCRAPER_STOPPED {'stats': {'dataset_version': 1, 'scraper_version': '1.0.0', 'timestamp': 1778881416, 'already_downloaded': 7427, 'queued_from_checkpoint': 2, 'levels_discovered': 0, 'levels_saved': 0, 'levels_rejected': 0, 'levels_failed': 11, 'duplicates_skipped': 0, 'avg_response_time': 0.706883, 'requests_per_minute': 41.621317, 'levels_per_minute': 0.0, 'requests': 11, 'discovered': 0, 'saved': 0, 'rejected': 0, 'failed': 11, 'skipped': 0, 'auto_skipped': 0, 'songs_saved': 0, 'comments_saved': 0}}
2026-05-15 11:44:12,407 INFO __main__: SCRAPER_STARTED {'sources': ['featured', 'rated', 'trending', 'popular', 'most_liked', 'demons', 'easy_demons', 'medium_demons', 'hard_demons', 'insane_demons', 'extreme_demons'], 'concurrency': 8, 'pages_per_cycle': 50}
2026-05-15 11:44:12,407 INFO __main__: TRAINING_PAUSED {'paused_until': 1778881532.7320635}
2026-05-15 11:44:57,841 INFO __main__: TRAINING_PAUSED {'paused_until': 1778881532.7320635}
2026-05-15 11:44:57,861 INFO __main__: EVALUATION_SAMPLE {'dataset_version': 1, 'tokenizer_version': '0.1.0', 'timestamp': 1778881497, 'step': 7006000, 'grammar_valid': True, 'grammar_errors': [], 'token_count': 122, 'unique_tokens': 32, 'diversity': 0.262295, 'max_repetition': 6, 'quality': {'score': 42.530895, 'valid': True, 'errors': [], 'object_count': 36, 'step_count': 39, 'duplicate_positions': 5, 'max_objects_per_step': 9, 'control_spam': 0, 'path_gaps': 0, 'path_jumps': 3, 'path_obstructions': 2, 'diversity': 0.262295}, 'collapsed': True}
2026-05-15 11:44:58,566 INFO gd_scraper.scraper: source trending already marked done
2026-05-15 11:45:01,556 INFO gd_scraper.scraper: source insane_demons already marked done
2026-05-15 11:45:02,080 INFO __main__: SCRAPER_STOPPED {'stats': {'dataset_version': 1, 'scraper_version': '1.0.0', 'timestamp': 1778881502, 'already_downloaded': 7427, 'queued_from_checkpoint': 2, 'levels_discovered': 0, 'levels_saved': 0, 'levels_rejected': 0, 'levels_failed': 11, 'duplicates_skipped': 0, 'avg_response_time': 0.728308, 'requests_per_minute': 13.287643, 'levels_per_minute': 0.0, 'requests': 11, 'discovered': 0, 'saved': 0, 'rejected': 0, 'failed': 11, 'skipped': 0, 'auto_skipped': 0, 'songs_saved': 0, 'comments_saved': 0}}
2026-05-15 11:45:37,307 INFO __main__: SCRAPER_STARTED {'sources': ['featured', 'rated', 'trending', 'popular', 'most_liked', 'demons', 'easy_demons', 'medium_demons', 'hard_demons', 'insane_demons', 'extreme_demons'], 'concurrency': 8, 'pages_per_cycle': 50}
2026-05-15 11:45:37,308 INFO __main__: TRAINING_PAUSED {'paused_until': 1778881617.8663507}
2026-05-15 11:45:48,695 INFO __main__: UNKNOWN_OBJECTS_INCREASE {'unknown_object_rate': 0.86925, 'recommendation': 'trigger mapping review warning', 'mode': 'autonomous', 'action_applied': True}
2026-05-15 11:45:48,711 INFO __main__: TOKEN_COLLAPSE_WARNING {'recommendation': 'pause aggressive training and increase dataset diversity', 'mode': 'autonomous', 'action_applied': True}
2026-05-15 11:45:48,717 INFO __main__: EVALUATION_SAMPLE {'dataset_version': 1, 'tokenizer_version': '0.1.0', 'timestamp': 1778881548, 'step': 7006000, 'grammar_valid': True, 'grammar_errors': [], 'token_count': 122, 'unique_tokens': 32, 'diversity': 0.262295, 'max_repetition': 6, 'quality': {'score': 42.530895, 'valid': True, 'errors': [], 'object_count': 36, 'step_count': 39, 'duplicate_positions': 5, 'max_objects_per_step': 9, 'control_spam': 0, 'path_gaps': 0, 'path_jumps': 3, 'path_obstructions': 2, 'diversity': 0.262295}, 'collapsed': True}
2026-05-15 11:45:49,396 INFO gd_scraper.scraper: source trending already marked done
2026-05-15 11:45:52,485 INFO gd_scraper.scraper: source insane_demons already marked done
2026-05-15 11:45:52,938 INFO __main__: SCRAPER_STOPPED {'stats': {'dataset_version': 1, 'scraper_version': '1.0.0', 'timestamp': 1778881552, 'already_downloaded': 7427, 'queued_from_checkpoint': 2, 'levels_discovered': 0, 'levels_saved': 0, 'levels_rejected': 0, 'levels_failed': 11, 'duplicates_skipped': 0, 'avg_response_time': 0.703255, 'requests_per_minute': 42.2322, 'levels_per_minute': 0.0, 'requests': 11, 'discovered': 0, 'saved': 0, 'rejected': 0, 'failed': 11, 'skipped': 0, 'auto_skipped': 0, 'songs_saved': 0, 'comments_saved': 0}}
2026-05-15 11:46:27,488 INFO __main__: SCRAPER_STARTED {'sources': ['featured', 'rated', 'trending', 'popular', 'most_liked', 'demons', 'easy_demons', 'medium_demons', 'hard_demons', 'insane_demons', 'extreme_demons'], 'concurrency': 8, 'pages_per_cycle': 50}
2026-05-15 11:46:27,489 INFO __main__: TRAINING_PAUSED {'paused_until': 1778881668.7187173}
2026-05-15 11:46:39,370 INFO __main__: EVALUATION_SAMPLE {'dataset_version': 1, 'tokenizer_version': '0.1.0', 'timestamp': 1778881599, 'step': 7006000, 'grammar_valid': True, 'grammar_errors': [], 'token_count': 122, 'unique_tokens': 32, 'diversity': 0.262295, 'max_repetition': 6, 'quality': {'score': 42.530895, 'valid': True, 'errors': [], 'object_count': 36, 'step_count': 39, 'duplicate_positions': 5, 'max_objects_per_step': 9, 'control_spam': 0, 'path_gaps': 0, 'path_jumps': 3, 'path_obstructions': 2, 'diversity': 0.262295}, 'collapsed': True}
2026-05-15 11:46:40,046 INFO gd_scraper.scraper: source trending already marked done
2026-05-15 11:46:43,084 INFO gd_scraper.scraper: source insane_demons already marked done
2026-05-15 11:46:43,654 INFO __main__: SCRAPER_STOPPED {'stats': {'dataset_version': 1, 'scraper_version': '1.0.0', 'timestamp': 1778881603, 'already_downloaded': 7427, 'queued_from_checkpoint': 2, 'levels_discovered': 0, 'levels_saved': 0, 'levels_rejected': 0, 'levels_failed': 11, 'duplicates_skipped': 0, 'avg_response_time': 0.70951, 'requests_per_minute': 40.838062, 'levels_per_minute': 0.0, 'requests': 11, 'discovered': 0, 'saved': 0, 'rejected': 0, 'failed': 11, 'skipped': 0, 'auto_skipped': 0, 'songs_saved': 0, 'comments_saved': 0}}
2026-05-15 11:47:19,518 INFO __main__: SCRAPER_STARTED {'sources': ['featured', 'rated', 'trending', 'popular', 'most_liked', 'demons', 'easy_demons', 'medium_demons', 'hard_demons', 'insane_demons', 'extreme_demons'], 'concurrency': 8, 'pages_per_cycle': 50}
2026-05-15 11:47:19,520 INFO __main__: TRAINING_PAUSED {'paused_until': 1778881719.3734663}
2026-05-15 11:47:30,774 INFO __main__: EVALUATION_SAMPLE {'dataset_version': 1, 'tokenizer_version': '0.1.0', 'timestamp': 1778881650, 'step': 7006000, 'grammar_valid': True, 'grammar_errors': [], 'token_count': 122, 'unique_tokens': 32, 'diversity': 0.262295, 'max_repetition': 6, 'quality': {'score': 42.530895, 'valid': True, 'errors': [], 'object_count': 36, 'step_count': 39, 'duplicate_positions': 5, 'max_objects_per_step': 9, 'control_spam': 0, 'path_gaps': 0, 'path_jumps': 3, 'path_obstructions': 2, 'diversity': 0.262295}, 'collapsed': True}
2026-05-15 11:47:31,452 INFO gd_scraper.scraper: source trending already marked done
2026-05-15 11:47:34,491 INFO gd_scraper.scraper: source insane_demons already marked done
2026-05-15 11:47:35,062 INFO __main__: SCRAPER_STOPPED {'stats': {'dataset_version': 1, 'scraper_version': '1.0.0', 'timestamp': 1778881655, 'already_downloaded': 7427, 'queued_from_checkpoint': 2, 'levels_discovered': 0, 'levels_saved': 0, 'levels_rejected': 0, 'levels_failed': 11, 'duplicates_skipped': 0, 'avg_response_time': 0.737766, 'requests_per_minute': 42.470108, 'levels_per_minute': 0.0, 'requests': 11, 'discovered': 0, 'saved': 0, 'rejected': 0, 'failed': 11, 'skipped': 0, 'auto_skipped': 0, 'songs_saved': 0, 'comments_saved': 0}}
2026-05-15 11:48:10,061 INFO __main__: SCRAPER_STARTED {'sources': ['featured', 'rated', 'trending', 'popular', 'most_liked', 'demons', 'easy_demons', 'medium_demons', 'hard_demons', 'insane_demons', 'extreme_demons'], 'concurrency': 8, 'pages_per_cycle': 50}
2026-05-15 11:48:10,062 INFO __main__: TRAINING_PAUSED {'paused_until': 1778881770.7776153}
2026-05-15 11:48:55,938 INFO __main__: TRAINING_PAUSED {'paused_until': 1778881770.7776153}
2026-05-15 11:48:55,947 INFO __main__: EVALUATION_SAMPLE {'dataset_version': 1, 'tokenizer_version': '0.1.0', 'timestamp': 1778881735, 'step': 7006000, 'grammar_valid': True, 'grammar_errors': [], 'token_count': 122, 'unique_tokens': 32, 'diversity': 0.262295, 'max_repetition': 6, 'quality': {'score': 42.530895, 'valid': True, 'errors': [], 'object_count': 36, 'step_count': 39, 'duplicate_positions': 5, 'max_objects_per_step': 9, 'control_spam': 0, 'path_gaps': 0, 'path_jumps': 3, 'path_obstructions': 2, 'diversity': 0.262295}, 'collapsed': True}
2026-05-15 11:48:56,622 INFO gd_scraper.scraper: source trending already marked done
2026-05-15 11:48:59,640 INFO gd_scraper.scraper: source insane_demons already marked done
2026-05-15 11:49:00,147 INFO __main__: SCRAPER_STOPPED {'stats': {'dataset_version': 1, 'scraper_version': '1.0.0', 'timestamp': 1778881740, 'already_downloaded': 7427, 'queued_from_checkpoint': 2, 'levels_discovered': 0, 'levels_saved': 0, 'levels_rejected': 0, 'levels_failed': 11, 'duplicates_skipped': 0, 'avg_response_time': 0.702623, 'requests_per_minute': 13.177977, 'levels_per_minute': 0.0, 'requests': 11, 'discovered': 0, 'saved': 0, 'rejected': 0, 'failed': 11, 'skipped': 0, 'auto_skipped': 0, 'songs_saved': 0, 'comments_saved': 0}}
2026-05-15 11:49:35,230 INFO __main__: SCRAPER_STARTED {'sources': ['featured', 'rated', 'trending', 'popular', 'most_liked', 'demons', 'easy_demons', 'medium_demons', 'hard_demons', 'insane_demons', 'extreme_demons'], 'concurrency': 8, 'pages_per_cycle': 50}
2026-05-15 11:49:35,232 INFO __main__: TRAINING_PAUSED {'paused_until': 1778881855.9489195}
